<?xml version="1.0" encoding="UTF-8"?>
<testsuites name="jest tests" tests="1" failures="0" errors="0" time="3.615">
  <testsuite name="undefined" errors="0" failures="0" skipped="0" timestamp="2025-01-31T12:22:21" time="2.272" tests="1">
    <testcase classname=" sample test" name=" sample test" time="0.003">
    </testcase>
  </testsuite>
</testsuites>